Warning[w6]: Type conflict for external/entry "Run_Triangle", in module main against external/entry in module shapes; prototyped function vs K&R function
  /* In module main: */
  /* K&R Function, args 0, attr 0 */
  int (__cc_version2 Run_Triangle)();
  /* In module shapes: */
  /* Function, args 0, attr 0 */
  void (__cc_version2 Run_Triangle)(void);
################################################################################
#                                                                              #
#      IAR Universal Linker V6.5.0.91                                          #
#                                                                              #
#           Link time     =  27/Sep/2017  14:28:44                             #
#           Target CPU    =  MSP430                                            #
#           List file     =  "\\ncsu1.uncanet.unca.edu\home\jchesebr\Desktop\P #
#                            roject 04\Debug\List\Project 04.map"              #
#           Output file 1 =  "\\ncsu1.uncanet.unca.edu\home\jchesebr\Desktop\P #
#                            roject 04\Debug\Exe\Project 04.d43"               #
#                            Format: ubrof10                                   #
#                            UBROF version 10.0.6                              #
#                            Using library modules for C-SPY (-rt)             #
#           Command line  =  -f                                                #
#                            C:\Users\jchesebr\AppData\Local\Temp\EW9159.tmp   #
#                            ("\\ncsu1.uncanet.unca.edu\home\jchesebr\Desktop\ #
#                            Project 04\Debug\Obj\clocks.r43"                  #
#                            "\\ncsu1.uncanet.unca.edu\home\jchesebr\Desktop\P #
#                            roject 04\Debug\Obj\init.r43"                     #
#                            "\\ncsu1.uncanet.unca.edu\home\jchesebr\Desktop\P #
#                            roject 04\LCD.r43"                                #
#                            "\\ncsu1.uncanet.unca.edu\home\jchesebr\Desktop\P #
#                            roject 04\Debug\Obj\main.r43"                     #
#                            "\\ncsu1.uncanet.unca.edu\home\jchesebr\Desktop\P #
#                            roject 04\Debug\Obj\ports.r43"                    #
#                            "\\ncsu1.uncanet.unca.edu\home\jchesebr\Desktop\P #
#                            roject 04\Debug\Obj\shapes.r43"                   #
#                            "\\ncsu1.uncanet.unca.edu\home\jchesebr\Desktop\P #
#                            roject 04\Debug\Obj\switch.r43"                   #
#                            "\\ncsu1.uncanet.unca.edu\home\jchesebr\Desktop\P #
#                            roject 04\Debug\Obj\system.r43"                   #
#                            "\\ncsu1.uncanet.unca.edu\home\jchesebr\Desktop\P #
#                            roject 04\Debug\Obj\timers.r43"                   #
#                            "\\ncsu1.uncanet.unca.edu\home\jchesebr\Desktop\P #
#                            roject 04\timersA0.r43"                           #
#                            -o                                                #
#                            "\\ncsu1.uncanet.unca.edu\home\jchesebr\Desktop\P #
#                            roject 04\Debug\Exe\Project 04.d43"               #
#                            -l                                                #
#                            "\\ncsu1.uncanet.unca.edu\home\jchesebr\Desktop\P #
#                            roject 04\Debug\List\Project 04.map"              #
#                            -xmsni                                            #
#                            "-IC:\Program Files (x86)\IAR Systems\Embedded Wo #
#                            rkbench 8.0\430\LIB\"                             #
#                            -f                                                #
#                            "C:\Program Files (x86)\IAR Systems\Embedded Work #
#                            bench 8.0\430\config\linker\lnk430fr5994.xcl"     #
#                            (-cmsp430 -QCODE_I=CODE_ID -QTLS16_I=TLS16_ID     #
#                            -D__iar_HWMUL=4C0 -Z(CONST)INFO=1800-19FF         #
#                            -Z(CONST)INFOA=1980-19FF                          #
#                            -Z(CONST)INFOB=1900-197F                          #
#                            -Z(CONST)INFOC=1880-18FF                          #
#                            -Z(CONST)INFOD=1800-187F                          #
#                            -Z(DATA)TINYRAM=000A-001F                         #
#                            -Z(DATA)LEARAM=2C00-3AC7                          #
#                            -Z(DATA)LEASTACK=3AC8-3BFF                        #
#                            -Z(DATA)DATA16_I,DATA16_Z,DATA16_N,TLS16_I=1C00-2 #
#                            BFF                                               #
#                            -Z(DATA)CODE_I                                    #
#                            -Z(DATA)DATA20_I,DATA20_Z,DATA20_N                #
#                            -Z(DATA)CSTACK+_STACK_SIZE#                       #
#                            -Z(CONST)DATA16_P,DATA20_P=4000-FF7F              #
#                            -Z(DATA)DATA16_HEAP+_DATA16_HEAP_SIZE             #
#                            -Z(DATA)DATA20_HEAP+_DATA20_HEAP_SIZE             #
#                            -Z(CONST)MPU_B1 -Z(CONST)IPE_B1=4000-FF7F         #
#                            -Z(DATA)IPEDATA16_N -Z(CODE)IPECODE16             #
#                            -Z(CONST)IPEDATA16_C,IPE_B2 -Z(CONST)MPU_B2       #
#                            -Z(CONST)DATA16_C,DATA16_ID,TLS16_ID,DIFUNCT,CHEC #
#                            KSUM=4000-FF7F                                    #
#                            -Z(CODE)CSTART,ISR_CODE,CODE16=4000-FF7F          #
#                            -P(CODE)CODE=4000-FF7F,10000-43FFF                #
#                            -Z(CODE)CODE_PAD                                  #
#                            -Z(CONST)DATA20_C,DATA20_ID,CODE_ID=4000-FF7F,100 #
#                            40-43FFF                                          #
#                            -Z(CONST)JTAGSIGNATURE=FF80-FF83                  #
#                            -Z(CONST)BSLSIGNATURE=FF84-FF87                   #
#                            -Z(CONST)IPESIGNATURE=FF88-FF8F                   #
#                            -Z(CODE)INTVEC=FF90-FFFF                          #
#                            -Z(CODE)RESET=FFFE-FFFF) -f                       #
#                            "C:\Program Files (x86)\IAR Systems\Embedded Work #
#                            bench 8.0\430\config\linker\multiplier32.xcl"     #
#                            (-e?Mul8Hw=?Mul8 -e?Mul16Hw=?Mul16                #
#                            -e?Mul16to32uHw=?Mul16to32u                       #
#                            -e?Mul16to32sHw=?Mul16to32s -e?Mul32Hw32=?Mul32   #
#                            -e?Mul64Hw32=_Mul64i                              #
#                            -e?Mul32u32uto64iHw32=_Mul32u32uto64i             #
#                            -e?Mul32fHw32=_Mul32f                             #
#                            -e_Mul64fHw32Ptr=_Mul64fPtr) -D_STACK_SIZE=A0     #
#                            -rt                                               #
#                            "C:\Program Files (x86)\IAR Systems\Embedded Work #
#                            bench 8.0\430\lib\dlib\dl430xlsfn.r43"            #
#                            -e_PrintfLarge=_Printf -e_ScanfLarge=_Scanf       #
#                            -D_DATA16_HEAP_SIZE=A0 -s __program_start         #
#                            -D_DATA20_HEAP_SIZE=50 --enable_stack_usage)      #
#                                                                              #
#                           Copyright (C) 1987-2016 IAR Systems AB.            #
################################################################################





                ****************************************
                *                                      *
                *           CROSS REFERENCE            *
                *                                      *
                ****************************************

       Program entry at :           4048  Relocatable, from module : ?cstart




                ****************************************
                *                                      *
                *            RUNTIME MODEL             *
                *                                      *
                ****************************************

  __Heap_Handler             = Basic
  __SystemLibrary            = DLib
  __code_model               = large
  __core                     = 430X
  __data_model               = small
  __dlib_file_descriptor     = 0
  __dlib_full_locale_support = 0
  __double_size              = 32
  __pic                      = no
  __reg_r4                   = free
  __reg_r5                   = free
  __rt_version               = 3

                ****************************************
                *                                      *
                *    AUTOMATIC SYMBOL REDIRECTIONS     *
                *                                      *
                ****************************************

                  There are no automatic symbol redirections.



                ****************************************
                *                                      *
                *              MODULE MAP              *
                *                                      *
                ****************************************


  DEFINED ABSOLUTE ENTRIES
    *************************************************************************

  DEFINED ABSOLUTE ENTRIES
  PROGRAM MODULE, NAME : ?ABS_ENTRY_MOD

Absolute parts
           ENTRY                   ADDRESS         REF BY
           =====                   =======         ======
           _DATA20_HEAP_SIZE       0050 
           _DATA16_HEAP_SIZE       00A0 
           _STACK_SIZE             00A0 
           __iar_HWMUL             04C0 
    *************************************************************************

  FILE NAME : \\ncsu1.uncanet.unca.edu\home\jchesebr\Desktop\Project 04\Debug\Obj\clocks.r43
  PROGRAM MODULE, NAME : clocks

  SEGMENTS IN THE MODULE
  ======================
DATA16_AN
  Relative segment, address: 0160 - 0161 (0x2 bytes), align: 0
  Segment part 1. ROOT        Intra module refs:   Init_Clocks
           ENTRY                   ADDRESS         REF BY
           =====                   =======         ======
           _A_CSCTL0_L             0160 
           LOCAL                   ADDRESS         
           =====                   =======         
           CSCTL0                  0160 
           CSCTL0_H                0161 
           CSCTL0_L                0160 
    -------------------------------------------------------------------------
DATA16_AN
  Relative segment, address: 0162 - 0163 (0x2 bytes), align: 0
  Segment part 2. ROOT        Intra module refs:   Init_Clocks
           ENTRY                   ADDRESS         REF BY
           =====                   =======         ======
           _A_CSCTL1_L             0162 
           LOCAL                   ADDRESS         
           =====                   =======         
           CSCTL1                  0162 
           CSCTL1_H                0163 
           CSCTL1_L                0162 
    -------------------------------------------------------------------------
DATA16_AN
  Relative segment, address: 0164 - 0165 (0x2 bytes), align: 0
  Segment part 3. ROOT        Intra module refs:   Init_Clocks
           ENTRY                   ADDRESS         REF BY
           =====                   =======         ======
           _A_CSCTL2_L             0164 
           LOCAL                   ADDRESS         
           =====                   =======         
           CSCTL2                  0164 
           CSCTL2_H                0165 
           CSCTL2_L                0164 
    -------------------------------------------------------------------------
DATA16_AN
  Relative segment, address: 0166 - 0167 (0x2 bytes), align: 0
  Segment part 4. ROOT        Intra module refs:   Init_Clocks
           ENTRY                   ADDRESS         REF BY
           =====                   =======         ======
           _A_CSCTL3_L             0166 
           LOCAL                   ADDRESS         
           =====                   =======         
           CSCTL3                  0166 
           CSCTL3_H                0167 
           CSCTL3_L                0166 
    -------------------------------------------------------------------------
DATA16_AN
  Relative segment, address: 0168 - 0169 (0x2 bytes), align: 0
  Segment part 5. ROOT        Intra module refs:   Init_Clocks
           ENTRY                   ADDRESS         REF BY
           =====                   =======         ======
           _A_CSCTL4_L             0168 
           LOCAL                   ADDRESS         
           =====                   =======         
           CSCTL4                  0168 
           CSCTL4_H                0169 
           CSCTL4_L                0168 
    -------------------------------------------------------------------------
DATA16_AN
  Relative segment, address: 016A - 016B (0x2 bytes), align: 0
  Segment part 6. ROOT        Intra module refs:   Init_Clocks
           ENTRY                   ADDRESS         REF BY
           =====                   =======         ======
           _A_CSCTL5_L             016A 
           LOCAL                   ADDRESS         
           =====                   =======         
           CSCTL5                  016A 
           CSCTL5_H                016B 
           CSCTL5_L                016A 
    -------------------------------------------------------------------------
DATA16_AN
  Relative segment, address: 0102 - 0103 (0x2 bytes), align: 0
  Segment part 7. ROOT        Intra module refs:   Init_Clocks
           ENTRY                   ADDRESS         REF BY
           =====                   =======         ======
           _A_SFRIFG1_L            0102 
           LOCAL                   ADDRESS         
           =====                   =======         
           SFRIFG1                 0102 
           SFRIFG1_H               0103 
           SFRIFG1_L               0102 
    -------------------------------------------------------------------------
DATA16_AN
  Relative segment, address: 015C - 015D (0x2 bytes), align: 0
  Segment part 8. ROOT        Intra module refs:   Init_Clocks
           ENTRY                   ADDRESS         REF BY
           =====                   =======         ======
           _A_WDTCTL_L             015C 
           LOCAL                   ADDRESS         
           =====                   =======         
           WDTCTL                  015C 
           WDTCTL_H                015D 
           WDTCTL_L                015C 
    -------------------------------------------------------------------------
<CODE> 1 (was CODE)
  Relative segment, address: 4B42 - 4B9B (0x5a bytes), align: 1
  Segment part 10.
           ENTRY                   ADDRESS         REF BY
           =====                   =======         ======
           Init_Clocks             4B42            main (main)
    -------------------------------------------------------------------------
CSTACK
  Segment part 9. NOT NEEDED.
    -------------------------------------------------------------------------
CODE
  Segment part 11. NOT NEEDED.
           ENTRY                   ADDRESS         REF BY
           =====                   =======         ======
           ?setjmp_save_r4         
    -------------------------------------------------------------------------
CODE
  Segment part 12. NOT NEEDED.
           ENTRY                   ADDRESS         REF BY
           =====                   =======         ======
           ?setjmp_save_r5         

    *************************************************************************

  FILE NAME : \\ncsu1.uncanet.unca.edu\home\jchesebr\Desktop\Project 04\Debug\Obj\init.r43
  PROGRAM MODULE, NAME : init

  SEGMENTS IN THE MODULE
  ======================
DATA16_AN
  Relative segment, address: 0202 - 0203 (0x2 bytes), align: 0
  Segment part 1. ROOT        Intra module refs:   Init_LEDs
                                                   Init_Port1 (ports)
                                                   main (main)
           ENTRY                   ADDRESS         REF BY
           =====                   =======         ======
           _A_PAOUT_L              0202 
           LOCAL                   ADDRESS         
           =====                   =======         
           PAOUT                   0202 
           PAOUT_H                 0203 
           PAOUT_L                 0202 
    -------------------------------------------------------------------------
<CODE> 1 (was CODE)
  Relative segment, address: 4B9C - 4BEF (0x54 bytes), align: 1
  Segment part 3.
           ENTRY                   ADDRESS         REF BY
           =====                   =======         ======
           Init_Conditions         4B9C            main (main)
               calls direct
    -------------------------------------------------------------------------
<CODE> 1 (was CODE)
  Relative segment, address: 4DA2 - 4DAB (0xa bytes), align: 1
  Segment part 4.
           ENTRY                   ADDRESS         REF BY
           =====                   =======         ======
           Init_LEDs               4DA2            main (main)
    -------------------------------------------------------------------------
<CODE> 1 (was CODE)
  Relative segment, address: 4DAC - 4DB3 (0x8 bytes), align: 1
  Segment part 5.
           ENTRY                   ADDRESS         REF BY
           =====                   =======         ======
           Init_Switches           4DAC            main (main)
               calls direct
    -------------------------------------------------------------------------
CSTACK
  Segment part 2. NOT NEEDED.
    -------------------------------------------------------------------------
CODE
  Segment part 6. TENTATIVE. Used definition from clocks
           ENTRY                   ADDRESS         REF BY
           =====                   =======         ======
           ?setjmp_save_r4         
    -------------------------------------------------------------------------
CODE
  Segment part 7. TENTATIVE. Used definition from clocks
           ENTRY                   ADDRESS         REF BY
           =====                   =======         ======
           ?setjmp_save_r5         

    *************************************************************************

  FILE NAME : \\ncsu1.uncanet.unca.edu\home\jchesebr\Desktop\Project 04\LCD.r43
  PROGRAM MODULE, NAME : LCD

  SEGMENTS IN THE MODULE
  ======================
DATA16_AN
  Relative segment, address: 0222 - 0223 (0x2 bytes), align: 0
  Segment part 1. ROOT        Intra module refs:   Init_Port3 (ports)
                                                   Run_Circle (shapes)
                                                   Run_Straight (shapes)
                                                   Run_Triangle (shapes)
                                                   run_case (shapes)
                                                   run_circle_case (shapes)
                                                   run_triangle_case (shapes)
                                                   spi_chipselect_active
                                                   spi_chipselect_idle
                                                   start_case (shapes)
           ENTRY                   ADDRESS         REF BY
           =====                   =======         ======
           _A_PBOUT_L              0222 
           LOCAL                   ADDRESS         
           =====                   =======         
           PBOUT                   0222 
           PBOUT_H                 0223 
           PBOUT_L                 0222 
    -------------------------------------------------------------------------
DATA16_AN
  Relative segment, address: 0242 - 0243 (0x2 bytes), align: 0
  Segment part 2. ROOT        Intra module refs:   Init_LCD
                                                   Init_Port5 (ports)
                                                   Init_Port6 (ports)
                                                   enable_switch_SW1 (switch)
                                                   enable_switch_SW2 (switch)
           ENTRY                   ADDRESS         REF BY
           =====                   =======         ======
           _A_PCOUT_L              0242 
           LOCAL                   ADDRESS         
           =====                   =======         
           PCOUT                   0242 
           PCOUT_H                 0243 
           PCOUT_L                 0242 
    -------------------------------------------------------------------------
DATA16_AN
  Relative segment, address: 0346 - 0347 (0x2 bytes), align: 0
  Segment part 3. ROOT        Intra module refs:   enable_display_update
           ENTRY                   ADDRESS         REF BY
           =====                   =======         ======
           _A_TA0CCTL2_L           0346 
           LOCAL                   ADDRESS         
           =====                   =======         
           TA0CCTL2                0346 
           TA0CCTL2_H              0347 
           TA0CCTL2_L              0346 
    -------------------------------------------------------------------------
DATA16_AN
  Relative segment, address: 0356 - 0357 (0x2 bytes), align: 0
  Segment part 4. ROOT        Intra module refs:   Init_Timers (timersA0)
                                                   TIMER0_A1_ISR (timersA0)
                                                   enable_display_update
           ENTRY                   ADDRESS         REF BY
           =====                   =======         ======
           _A_TA0CCR2_L            0356 
           LOCAL                   ADDRESS         
           =====                   =======         
           TA0CCR2                 0356 
           TA0CCR2_H               0357 
           TA0CCR2_L               0356 
    -------------------------------------------------------------------------
DATA16_AN
  Relative segment, address: 0680 - 0681 (0x2 bytes), align: 0
  Segment part 5. ROOT        Intra module refs:   Init_SPI_B1
           ENTRY                   ADDRESS         REF BY
           =====                   =======         ======
           _A_UCB1CTLW0_L          0680 
           LOCAL                   ADDRESS         
           =====                   =======         
           UCB1CTLW0               0680 
           UCB1CTLW0_H             0681 
           UCB1CTLW0_L             0680 
    -------------------------------------------------------------------------
DATA16_AN
  Relative segment, address: 0686 - 0687 (0x2 bytes), align: 0
  Segment part 6. ROOT        Intra module refs:   Init_SPI_B1
           ENTRY                   ADDRESS         REF BY
           =====                   =======         ======
           _A_UCB1BRW_L            0686 
           LOCAL                   ADDRESS         
           =====                   =======         
           UCB1BRW                 0686 
           UCB1BRW_H               0687 
           UCB1BRW_L               0686 
    -------------------------------------------------------------------------
DATA16_AN
  Relative segment, address: 068C - 068D (0x2 bytes), align: 0
  Segment part 7. ROOT        Intra module refs:   SPI_B1_write
           ENTRY                   ADDRESS         REF BY
           =====                   =======         ======
           _A_UCB1RXBUF_L          068C 
           LOCAL                   ADDRESS         
           =====                   =======         
           UCB1RXBUF               068C 
           UCB1RXBUF_H             068D 
           UCB1RXBUF_L             068C 
    -------------------------------------------------------------------------
DATA16_AN
  Relative segment, address: 068E - 068F (0x2 bytes), align: 0
  Segment part 8. ROOT        Intra module refs:   SPI_B1_write
           ENTRY                   ADDRESS         REF BY
           =====                   =======         ======
           _A_UCB1TXBUF_L          068E 
           LOCAL                   ADDRESS         
           =====                   =======         
           UCB1TXBUF               068E 
           UCB1TXBUF_H             068F 
           UCB1TXBUF_L             068E 
    -------------------------------------------------------------------------
DATA16_AN
  Relative segment, address: 06AC - 06AD (0x2 bytes), align: 0
  Segment part 9. ROOT        Intra module refs:   SPI_B1_write
           ENTRY                   ADDRESS         REF BY
           =====                   =======         ======
           _A_UCB1IFG_L            06AC 
           LOCAL                   ADDRESS         
           =====                   =======         
           UCB1IFG                 06AC 
           UCB1IFG_H               06AD 
           UCB1IFG_L               06AC 
    -------------------------------------------------------------------------
DATA16_Z
  Relative segment, address: 1C18 - 1C18 (0x1 bytes), align: 0
  Segment part 11.            Intra module refs:   SPI_B1_write
           ENTRY                   ADDRESS         REF BY
           =====                   =======         ======
           current_character       1C18 
    -------------------------------------------------------------------------
DATA16_Z
  Relative segment, address: 1C00 - 1C01 (0x2 bytes), align: 1
  Segment part 12.
           ENTRY                   ADDRESS         REF BY
           =====                   =======         ======
           update_display_count    1C00            Init_Conditions (init)
    -------------------------------------------------------------------------
DATA16_Z
  Segment part 13. NOT NEEDED.
           ENTRY                   ADDRESS         REF BY
           =====                   =======         ======
           display_update_time     
    -------------------------------------------------------------------------
DATA16_Z
  Relative segment, address: 1C19 - 1C19 (0x1 bytes), align: 0
  Segment part 14.            Intra module refs:   Display_Process
           ENTRY                   ADDRESS         REF BY
           =====                   =======         ======
           update_display          1C19            Init_Conditions (init)
                                                   TIMER0_A1_ISR (timersA0)
    -------------------------------------------------------------------------
DATA16_Z
  Relative segment, address: 1C1A - 1C1A (0x1 bytes), align: 0
  Segment part 15.            Intra module refs:   ?Subroutine1
                                                   Display_Process
                                                   Init_LCD
                                                   Segment part 58
           ENTRY                   ADDRESS         REF BY
           =====                   =======         ======
           display_changed         1C1A            main (main)
    -------------------------------------------------------------------------
DATA16_Z
  Segment part 16. NOT NEEDED.
           ENTRY                   ADDRESS         REF BY
           =====                   =======         ======
           lcd_control             
    -------------------------------------------------------------------------
DATA16_Z
  Relative segment, address: 1C1B - 1C46 (0x2c bytes), align: 0
  Segment part 17.            Intra module refs:   ClrDisplay_Buffer_0
                                                   ClrDisplay_Buffer_1
                                                   ClrDisplay_Buffer_2
                                                   ClrDisplay_Buffer_3
                                                   Display_Update
                                                   update_string
           ENTRY                   ADDRESS         REF BY
           =====                   =======         ======
           display_line            1C1B            ?Subroutine0 (switch)
                                                   ?Subroutine1 (switch)
                                                   ?Subroutine2 (switch)
                                                   Init_Conditions (init)
                                                   main (main)
    -------------------------------------------------------------------------
DATA16_Z
  Relative segment, address: 1C02 - 1C09 (0x8 bytes), align: 1
  Segment part 18.
           ENTRY                   ADDRESS         REF BY
           =====                   =======         ======
           display                 1C02            Init_Conditions (init)
    -------------------------------------------------------------------------
DATA16_Z
  Segment part 19. NOT NEEDED.
           ENTRY                   ADDRESS         REF BY
           =====                   =======         ======
           posi_L1                 
    -------------------------------------------------------------------------
DATA16_Z
  Segment part 20. NOT NEEDED.
           ENTRY                   ADDRESS         REF BY
           =====                   =======         ======
           posi_L2                 
    -------------------------------------------------------------------------
DATA16_Z
  Segment part 21. NOT NEEDED.
           ENTRY                   ADDRESS         REF BY
           =====                   =======         ======
           posi_L3                 
    -------------------------------------------------------------------------
DATA16_Z
  Segment part 22. NOT NEEDED.
           ENTRY                   ADDRESS         REF BY
           =====                   =======         ======
           posi_L4                 
    -------------------------------------------------------------------------
DATA16_Z
  Segment part 23. NOT NEEDED.
           ENTRY                   ADDRESS         REF BY
           =====                   =======         ======
           char_count              
    -------------------------------------------------------------------------
DATA16_Z
  Segment part 24. NOT NEEDED.
           ENTRY                   ADDRESS         REF BY
           =====                   =======         ======
           current_line            
    -------------------------------------------------------------------------
<CODE> 1 (was CODE)
  Relative segment, address: 40D4 - 40E5 (0x12 bytes), align: 1
  Segment part 30.            Intra module refs:   Init_LCD
           ENTRY                   ADDRESS         REF BY
           =====                   =======         ======
           ClrDisplay              40D4 
               calls direct
    -------------------------------------------------------------------------
<CODE> 1 (was CODE)
  Relative segment, address: 40E6 - 40F7 (0x12 bytes), align: 1
  Segment part 31.            Intra module refs:   ?Subroutine2
                                                   ?Subroutine4
                                                   Init_LCD
                                                   lcd_BIG_mid
           ENTRY                   ADDRESS         REF BY
           =====                   =======         ======
           spi_chipselect_idle     40E6 
    -------------------------------------------------------------------------
<CODE> 1 (was CODE)
  Relative segment, address: 40F8 - 4113 (0x1c bytes), align: 1
  Segment part 32.            Intra module refs:   ?Subroutine2
                                                   ?Subroutine4
                                                   Segment part 42
                                                   lcd_BIG_mid
           ENTRY                   ADDRESS         REF BY
           =====                   =======         ======
           SPI_B1_write            40F8 
    -------------------------------------------------------------------------
<CODE> 1 (was CODE)
  Relative segment, address: 4114 - 411F (0xc bytes), align: 1
  Segment part 33.            Intra module refs:   Segment part 42
                                                   WriteData
                                                   WriteIns
           ENTRY                   ADDRESS         REF BY
           =====                   =======         ======
           spi_chipselect_active   4114 
    -------------------------------------------------------------------------
<CODE> 1 (was CODE)
  Relative segment, address: 4120 - 4129 (0xa bytes), align: 1
  Segment part 34.            Intra module refs:   ?Subroutine6
                                                   Display_Update
                                                   Init_LCD
           ENTRY                   ADDRESS         REF BY
           =====                   =======         ======
           WriteIns                4120 
               calls direct
    -------------------------------------------------------------------------
<CODE> 1 (was CODE)
  Relative segment, address: 412A - 4143 (0x1a bytes), align: 1
  Segment part 35.            Intra module refs:   WriteData
                                                   WriteIns
           LOCAL                   ADDRESS         
           =====                   =======         
           ?Subroutine2            412A 
    -------------------------------------------------------------------------
<CODE> 1 (was CODE)
  Relative segment, address: 4144 - 417F (0x3c bytes), align: 1
  Segment part 36.            Intra module refs:   Init_LCD
           ENTRY                   ADDRESS         REF BY
           =====                   =======         ======
           Init_SPI_B1             4144            main (main)
    -------------------------------------------------------------------------
<CODE> 1 (was CODE)
  Relative segment, address: 4180 - 4209 (0x8a bytes), align: 1
  Segment part 37.
           ENTRY                   ADDRESS         REF BY
           =====                   =======         ======
           Init_LCD                4180            main (main)
               calls direct
    -------------------------------------------------------------------------
<CODE> 1 (was CODE)
  Relative segment, address: 420A - 4219 (0x10 bytes), align: 1
  Segment part 38.            Intra module refs:   Init_LCD
           LOCAL                   ADDRESS         
           =====                   =======         
           ?Subroutine5            420A 
    -------------------------------------------------------------------------
<CODE> 1 (was CODE)
  Relative segment, address: 421A - 424F (0x36 bytes), align: 1
  Segment part 39.
           ENTRY                   ADDRESS         REF BY
           =====                   =======         ======
           lcd_BIG_mid             421A            main (main)
               calls direct
    -------------------------------------------------------------------------
<CODE> 1 (was CODE)
  Relative segment, address: 4250 - 4255 (0x6 bytes), align: 1
  Segment part 40.            Intra module refs:   lcd_4line
                                                   lcd_BIG_mid
           LOCAL                   ADDRESS         
           =====                   =======         
           ?Subroutine1            4250 
    -------------------------------------------------------------------------
<CODE> 1 (was CODE)
  Relative segment, address: 4256 - 425D (0x8 bytes), align: 1
  Segment part 41.            Intra module refs:   lcd_BIG_mid
           LOCAL                   ADDRESS         
           =====                   =======         
           ?Subroutine4            4256 
    -------------------------------------------------------------------------
<CODE> 1 (was CODE)
  Relative segment, address: 425E - 4269 (0xc bytes), align: 1
  Segment part 42.            Intra module refs:   ?Subroutine4
                                                   lcd_BIG_mid
    -------------------------------------------------------------------------
CODE
  Segment part 43. NOT NEEDED.
           ENTRY                   ADDRESS         REF BY
           =====                   =======         ======
           LCD_test                
               calls direct
    -------------------------------------------------------------------------
<CODE> 1 (was CODE)
  Relative segment, address: 426A - 4271 (0x8 bytes), align: 1
  Segment part 44.            Intra module refs:   Init_LCD
                                                   lcd_4line
           LOCAL                   ADDRESS         
           =====                   =======         
           ?Subroutine6            426A 
    -------------------------------------------------------------------------
CODE
  Segment part 45. NOT NEEDED.
           ENTRY                   ADDRESS         REF BY
           =====                   =======         ======
           spi_reset_idle          
    -------------------------------------------------------------------------
CODE
  Segment part 46. NOT NEEDED.
           ENTRY                   ADDRESS         REF BY
           =====                   =======         ======
           spi_reset_active        
    -------------------------------------------------------------------------
<CODE> 1 (was CODE)
  Relative segment, address: 4272 - 427F (0xe bytes), align: 1
  Segment part 47.            Intra module refs:   Display_Update
           ENTRY                   ADDRESS         REF BY
           =====                   =======         ======
           WriteData               4272 
               calls direct
    -------------------------------------------------------------------------
<CODE> 1 (was CODE)
  Relative segment, address: 4280 - 42F9 (0x7a bytes), align: 1
  Segment part 48.            Intra module refs:   Display_Process
           ENTRY                   ADDRESS         REF BY
           =====                   =======         ======
           Display_Update          4280 
               calls direct
    -------------------------------------------------------------------------
<CODE> 1 (was CODE)
  Relative segment, address: 42FA - 431B (0x22 bytes), align: 1
  Segment part 49.
           ENTRY                   ADDRESS         REF BY
           =====                   =======         ======
           Display_Process         42FA            main (main)
               calls direct
    -------------------------------------------------------------------------
<CODE> 1 (was CODE)
  Relative segment, address: 431C - 4329 (0xe bytes), align: 1
  Segment part 50.
           ENTRY                   ADDRESS         REF BY
           =====                   =======         ======
           enable_display_update   431C            ?Subroutine0 (switch)
                                                   main (main)
    -------------------------------------------------------------------------
<CODE> 1 (was CODE)
  Relative segment, address: 432A - 4343 (0x1a bytes), align: 1
  Segment part 51.
           ENTRY                   ADDRESS         REF BY
           =====                   =======         ======
           update_string           432A            ?Subroutine0 (switch)
                                                   ?Subroutine1 (switch)
                                                   ?Subroutine2 (switch)
                                                   main (main)
    -------------------------------------------------------------------------
<CODE> 1 (was CODE)
  Relative segment, address: 4344 - 434B (0x8 bytes), align: 1
  Segment part 52.
           ENTRY                   ADDRESS         REF BY
           =====                   =======         ======
           lcd_4line               4344            main (main)
               calls direct
    -------------------------------------------------------------------------
CODE
  Segment part 53. NOT NEEDED.
           ENTRY                   ADDRESS         REF BY
           =====                   =======         ======
           lcd_out                 
               calls direct
    -------------------------------------------------------------------------
CODE
  Segment part 54. NOT NEEDED.
           ENTRY                   ADDRESS         REF BY
           =====                   =======         ======
           lcd_puts                
               calls direct
    -------------------------------------------------------------------------
CODE
  Segment part 55. NOT NEEDED.
           ENTRY                   ADDRESS         REF BY
           =====                   =======         ======
           CheckBusy               
    -------------------------------------------------------------------------
CODE
  Segment part 56. NOT NEEDED.
           ENTRY                   ADDRESS         REF BY
           =====                   =======         ======
           SetPostion              
               calls direct
    -------------------------------------------------------------------------
CODE
  Segment part 57. NOT NEEDED.
    -------------------------------------------------------------------------
<CODE> 1 (was CODE)
  Relative segment, address: 434C - 4351 (0x6 bytes), align: 1
  Segment part 58.            Intra module refs:   ClrDisplay
    -------------------------------------------------------------------------
CODE
  Segment part 59. NOT NEEDED.
           ENTRY                   ADDRESS         REF BY
           =====                   =======         ======
           DisplayOnOff            
               calls direct
    -------------------------------------------------------------------------
<CODE> 1 (was CODE)
  Relative segment, address: 4352 - 436B (0x1a bytes), align: 1
  Segment part 29.            Intra module refs:   ClrDisplay
           ENTRY                   ADDRESS         REF BY
           =====                   =======         ======
           ClrDisplay_Buffer_0     4352 
    -------------------------------------------------------------------------
<CODE> 1 (was CODE)
  Relative segment, address: 4D18 - 4D27 (0x10 bytes), align: 1
  Segment part 27.            Intra module refs:   ClrDisplay_Buffer_1
                                                   ClrDisplay_Buffer_2
                                                   ClrDisplay_Buffer_3
           LOCAL                   ADDRESS         
           =====                   =======         
           ?Subroutine3            4D18 
    -------------------------------------------------------------------------
<CODE> 1 (was CODE)
  Relative segment, address: 4D58 - 4D67 (0x10 bytes), align: 1
  Segment part 28.            Intra module refs:   ClrDisplay
           ENTRY                   ADDRESS         REF BY
           =====                   =======         ======
           ClrDisplay_Buffer_1     4D58 
    -------------------------------------------------------------------------
<CODE> 1 (was CODE)
  Relative segment, address: 4D38 - 4D47 (0x10 bytes), align: 1
  Segment part 26.            Intra module refs:   ClrDisplay
           ENTRY                   ADDRESS         REF BY
           =====                   =======         ======
           ClrDisplay_Buffer_2     4D38 
    -------------------------------------------------------------------------
<CODE> 1 (was CODE)
  Relative segment, address: 4D28 - 4D37 (0x10 bytes), align: 1
  Segment part 25.            Intra module refs:   ClrDisplay
           ENTRY                   ADDRESS         REF BY
           =====                   =======         ======
           ClrDisplay_Buffer_3     4D28 
    -------------------------------------------------------------------------
CSTACK
  Segment part 10. NOT NEEDED.
    -------------------------------------------------------------------------
CODE
  Segment part 60. TENTATIVE. Used definition from clocks
           ENTRY                   ADDRESS         REF BY
           =====                   =======         ======
           ?setjmp_save_r4         
    -------------------------------------------------------------------------
CODE
  Segment part 61. TENTATIVE. Used definition from clocks
           ENTRY                   ADDRESS         REF BY
           =====                   =======         ======
           ?setjmp_save_r5         

    *************************************************************************

  FILE NAME : \\ncsu1.uncanet.unca.edu\home\jchesebr\Desktop\Project 04\Debug\Obj\main.r43
  PROGRAM MODULE, NAME : main

  SEGMENTS IN THE MODULE
  ======================
DATA16_AN
  Segment part 1. TENTATIVE. Used definition from init
           ENTRY                   ADDRESS         REF BY
           =====                   =======         ======
           _A_PAOUT_L              
           LOCAL                   ADDRESS         
           =====                   =======         
           PAOUT                   0202 
           PAOUT_H                 0203 
           PAOUT_L                 0202 
    -------------------------------------------------------------------------
DATA16_AN
  Relative segment, address: 0130 - 0131 (0x2 bytes), align: 0
  Segment part 2. ROOT        Intra module refs:   main
           ENTRY                   ADDRESS         REF BY
           =====                   =======         ======
           _A_PM5CTL0_L            0130 
           LOCAL                   ADDRESS         
           =====                   =======         
           PM5CTL0                 0130 
           PM5CTL0_H               0131 
           PM5CTL0_L               0130 
    -------------------------------------------------------------------------
DATA16_Z
  Segment part 7. NOT NEEDED.
           ENTRY                   ADDRESS         REF BY
           =====                   =======         ======
           slow_input_down         
    -------------------------------------------------------------------------
DATA16_Z
  Relative segment, address: 1C47 - 1C47 (0x1 bytes), align: 0
  Segment part 8.             Intra module refs:   main
           ENTRY                   ADDRESS         REF BY
           =====                   =======         ======
           display_mode            1C47 
    -------------------------------------------------------------------------
<CODE> 1 (was CODE)
  Relative segment, address: 4584 - 46BF (0x13c bytes), align: 1
  Segment part 9.
           ENTRY                   ADDRESS         REF BY
           =====                   =======         ======
           main                    4584            Segment part 27 (?cstart)
               calls direct
    -------------------------------------------------------------------------
CSTACK
  Segment part 3. NOT NEEDED.
    -------------------------------------------------------------------------
CODE
  Segment part 10. TENTATIVE. Used definition from clocks
           ENTRY                   ADDRESS         REF BY
           =====                   =======         ======
           ?setjmp_save_r4         
    -------------------------------------------------------------------------
CODE
  Segment part 11. TENTATIVE. Used definition from clocks
           ENTRY                   ADDRESS         REF BY
           =====                   =======         ======
           ?setjmp_save_r5         
    -------------------------------------------------------------------------
DATA16_C
  Relative segment, address: 4000 - 400A (0xb bytes), align: 0
  Segment part 4.             Intra module refs:   main
    -------------------------------------------------------------------------
DATA16_C
  Relative segment, address: 400B - 4015 (0xb bytes), align: 0
  Segment part 5.             Intra module refs:   main
    -------------------------------------------------------------------------
DATA16_C
  Relative segment, address: 4016 - 4020 (0xb bytes), align: 0
  Segment part 6.             Intra module refs:   main

    *************************************************************************

  FILE NAME : \\ncsu1.uncanet.unca.edu\home\jchesebr\Desktop\Project 04\Debug\Obj\ports.r43
  PROGRAM MODULE, NAME : ports

  SEGMENTS IN THE MODULE
  ======================
DATA16_AN
  Segment part 1. TENTATIVE. Used definition from init
           ENTRY                   ADDRESS         REF BY
           =====                   =======         ======
           _A_PAOUT_L              
           LOCAL                   ADDRESS         
           =====                   =======         
           PAOUT                   0202 
           PAOUT_H                 0203 
           PAOUT_L                 0202 
    -------------------------------------------------------------------------
DATA16_AN
  Relative segment, address: 0204 - 0205 (0x2 bytes), align: 0
  Segment part 2. ROOT        Intra module refs:   Init_Port1
                                                   Init_Port2
           ENTRY                   ADDRESS         REF BY
           =====                   =======         ======
           _A_PADIR_L              0204 
           LOCAL                   ADDRESS         
           =====                   =======         
           PADIR                   0204 
           PADIR_H                 0205 
           PADIR_L                 0204 
    -------------------------------------------------------------------------
DATA16_AN
  Relative segment, address: 020A - 020B (0x2 bytes), align: 0
  Segment part 3. ROOT        Intra module refs:   Init_Port1
                                                   Init_Port2
           ENTRY                   ADDRESS         REF BY
           =====                   =======         ======
           _A_PASEL0_L             020A 
           LOCAL                   ADDRESS         
           =====                   =======         
           PASEL0                  020A 
           PASEL0_H                020B 
           PASEL0_L                020A 
    -------------------------------------------------------------------------
DATA16_AN
  Relative segment, address: 020C - 020D (0x2 bytes), align: 0
  Segment part 4. ROOT        Intra module refs:   Init_Port1
                                                   Init_Port2
           ENTRY                   ADDRESS         REF BY
           =====                   =======         ======
           _A_PASEL1_L             020C 
           LOCAL                   ADDRESS         
           =====                   =======         
           PASEL1                  020C 
           PASEL1_H                020D 
           PASEL1_L                020C 
    -------------------------------------------------------------------------
DATA16_AN
  Segment part 5. TENTATIVE. Used definition from LCD
           ENTRY                   ADDRESS         REF BY
           =====                   =======         ======
           _A_PBOUT_L              
           LOCAL                   ADDRESS         
           =====                   =======         
           PBOUT                   0222 
           PBOUT_H                 0223 
           PBOUT_L                 0222 
    -------------------------------------------------------------------------
DATA16_AN
  Relative segment, address: 0224 - 0225 (0x2 bytes), align: 0
  Segment part 6. ROOT        Intra module refs:   Init_Port3
                                                   Init_Port4
           ENTRY                   ADDRESS         REF BY
           =====                   =======         ======
           _A_PBDIR_L              0224 
           LOCAL                   ADDRESS         
           =====                   =======         
           PBDIR                   0224 
           PBDIR_H                 0225 
           PBDIR_L                 0224 
    -------------------------------------------------------------------------
DATA16_AN
  Relative segment, address: 022A - 022B (0x2 bytes), align: 0
  Segment part 7. ROOT        Intra module refs:   Init_Port3
                                                   Init_Port4
           ENTRY                   ADDRESS         REF BY
           =====                   =======         ======
           _A_PBSEL0_L             022A 
           LOCAL                   ADDRESS         
           =====                   =======         
           PBSEL0                  022A 
           PBSEL0_H                022B 
           PBSEL0_L                022A 
    -------------------------------------------------------------------------
DATA16_AN
  Relative segment, address: 022C - 022D (0x2 bytes), align: 0
  Segment part 8. ROOT        Intra module refs:   Init_Port3
                                                   Init_Port4
           ENTRY                   ADDRESS         REF BY
           =====                   =======         ======
           _A_PBSEL1_L             022C 
           LOCAL                   ADDRESS         
           =====                   =======         
           PBSEL1                  022C 
           PBSEL1_H                022D 
           PBSEL1_L                022C 
    -------------------------------------------------------------------------
DATA16_AN
  Segment part 9. TENTATIVE. Used definition from LCD
           ENTRY                   ADDRESS         REF BY
           =====                   =======         ======
           _A_PCOUT_L              
           LOCAL                   ADDRESS         
           =====                   =======         
           PCOUT                   0242 
           PCOUT_H                 0243 
           PCOUT_L                 0242 
    -------------------------------------------------------------------------
DATA16_AN
  Relative segment, address: 0244 - 0245 (0x2 bytes), align: 0
  Segment part 10. ROOT       Intra module refs:   Init_Port5
                                                   Init_Port6
           ENTRY                   ADDRESS         REF BY
           =====                   =======         ======
           _A_PCDIR_L              0244 
           LOCAL                   ADDRESS         
           =====                   =======         
           PCDIR                   0244 
           PCDIR_H                 0245 
           PCDIR_L                 0244 
    -------------------------------------------------------------------------
DATA16_AN
  Relative segment, address: 0246 - 0247 (0x2 bytes), align: 0
  Segment part 11. ROOT       Intra module refs:   Init_Port5
                                                   enable_switch_SW1 (switch)
                                                   enable_switch_SW2 (switch)
           ENTRY                   ADDRESS         REF BY
           =====                   =======         ======
           _A_PCREN_L              0246 
           LOCAL                   ADDRESS         
           =====                   =======         
           PCREN                   0246 
           PCREN_H                 0247 
           PCREN_L                 0246 
    -------------------------------------------------------------------------
DATA16_AN
  Relative segment, address: 024A - 024B (0x2 bytes), align: 0
  Segment part 12. ROOT       Intra module refs:   Init_Port5
                                                   Init_Port6
           ENTRY                   ADDRESS         REF BY
           =====                   =======         ======
           _A_PCSEL0_L             024A 
           LOCAL                   ADDRESS         
           =====                   =======         
           PCSEL0                  024A 
           PCSEL0_H                024B 
           PCSEL0_L                024A 
    -------------------------------------------------------------------------
DATA16_AN
  Relative segment, address: 024C - 024D (0x2 bytes), align: 0
  Segment part 13. ROOT       Intra module refs:   Init_Port5
                                                   Init_Port6
           ENTRY                   ADDRESS         REF BY
           =====                   =======         ======
           _A_PCSEL1_L             024C 
           LOCAL                   ADDRESS         
           =====                   =======         
           PCSEL1                  024C 
           PCSEL1_H                024D 
           PCSEL1_L                024C 
    -------------------------------------------------------------------------
DATA16_AN
  Relative segment, address: 0262 - 0263 (0x2 bytes), align: 0
  Segment part 14. ROOT       Intra module refs:   Init_Port7
           ENTRY                   ADDRESS         REF BY
           =====                   =======         ======
           _A_PDOUT_L              0262 
           LOCAL                   ADDRESS         
           =====                   =======         
           PDOUT                   0262 
           PDOUT_H                 0263 
           PDOUT_L                 0262 
    -------------------------------------------------------------------------
DATA16_AN
  Relative segment, address: 0264 - 0265 (0x2 bytes), align: 0
  Segment part 15. ROOT       Intra module refs:   Init_Port7
                                                   Init_Port8
           ENTRY                   ADDRESS         REF BY
           =====                   =======         ======
           _A_PDDIR_L              0264 
           LOCAL                   ADDRESS         
           =====                   =======         
           PDDIR                   0264 
           PDDIR_H                 0265 
           PDDIR_L                 0264 
    -------------------------------------------------------------------------
DATA16_AN
  Relative segment, address: 026A - 026B (0x2 bytes), align: 0
  Segment part 16. ROOT       Intra module refs:   Init_Port7
                                                   Init_Port8
           ENTRY                   ADDRESS         REF BY
           =====                   =======         ======
           _A_PDSEL0_L             026A 
           LOCAL                   ADDRESS         
           =====                   =======         
           PDSEL0                  026A 
           PDSEL0_H                026B 
           PDSEL0_L                026A 
    -------------------------------------------------------------------------
DATA16_AN
  Relative segment, address: 026C - 026D (0x2 bytes), align: 0
  Segment part 17. ROOT       Intra module refs:   Init_Port7
                                                   Init_Port8
           ENTRY                   ADDRESS         REF BY
           =====                   =======         ======
           _A_PDSEL1_L             026C 
           LOCAL                   ADDRESS         
           =====                   =======         
           PDSEL1                  026C 
           PDSEL1_H                026D 
           PDSEL1_L                026C 
    -------------------------------------------------------------------------
DATA16_AN
  Relative segment, address: 0322 - 0323 (0x2 bytes), align: 0
  Segment part 18. ROOT       Intra module refs:   Init_PortJ
           ENTRY                   ADDRESS         REF BY
           =====                   =======         ======
           _A_PJOUT_L              0322 
           LOCAL                   ADDRESS         
           =====                   =======         
           PJOUT                   0322 
           PJOUT_H                 0323 
           PJOUT_L                 0322 
    -------------------------------------------------------------------------
DATA16_AN
  Relative segment, address: 0324 - 0325 (0x2 bytes), align: 0
  Segment part 19. ROOT       Intra module refs:   Init_PortJ
           ENTRY                   ADDRESS         REF BY
           =====                   =======         ======
           _A_PJDIR_L              0324 
           LOCAL                   ADDRESS         
           =====                   =======         
           PJDIR                   0324 
           PJDIR_H                 0325 
           PJDIR_L                 0324 
    -------------------------------------------------------------------------
DATA16_AN
  Relative segment, address: 032A - 032B (0x2 bytes), align: 0
  Segment part 20. ROOT       Intra module refs:   Init_PortJ
           ENTRY                   ADDRESS         REF BY
           =====                   =======         ======
           _A_PJSEL0_L             032A 
           LOCAL                   ADDRESS         
           =====                   =======         
           PJSEL0                  032A 
           PJSEL0_H                032B 
           PJSEL0_L                032A 
    -------------------------------------------------------------------------
DATA16_AN
  Relative segment, address: 032C - 032D (0x2 bytes), align: 0
  Segment part 21. ROOT       Intra module refs:   Init_PortJ
           ENTRY                   ADDRESS         REF BY
           =====                   =======         ======
           _A_PJSEL1_L             032C 
           LOCAL                   ADDRESS         
           =====                   =======         
           PJSEL1                  032C 
           PJSEL1_H                032D 
           PJSEL1_L                032C 
    -------------------------------------------------------------------------
<CODE> 1 (was CODE)
  Relative segment, address: 4CB6 - 4CD9 (0x24 bytes), align: 1
  Segment part 33.
           ENTRY                   ADDRESS         REF BY
           =====                   =======         ======
           Init_Ports              4CB6            main (main)
               calls direct
    -------------------------------------------------------------------------
<CODE> 1 (was CODE)
  Relative segment, address: 49E4 - 4A65 (0x82 bytes), align: 1
  Segment part 32.            Intra module refs:   Init_Ports
           ENTRY                   ADDRESS         REF BY
           =====                   =======         ======
           Init_Port1              49E4 
    -------------------------------------------------------------------------
<CODE> 1 (was CODE)
  Relative segment, address: 4A66 - 4ADF (0x7a bytes), align: 1
  Segment part 31.            Intra module refs:   Init_Ports
           ENTRY                   ADDRESS         REF BY
           =====                   =======         ======
           Init_Port2              4A66 
    -------------------------------------------------------------------------
<CODE> 1 (was CODE)
  Relative segment, address: 4AE0 - 4B41 (0x62 bytes), align: 1
  Segment part 30.            Intra module refs:   Init_Ports
           ENTRY                   ADDRESS         REF BY
           =====                   =======         ======
           Init_Port3              4AE0 
    -------------------------------------------------------------------------
<CODE> 1 (was CODE)
  Relative segment, address: 48DC - 4961 (0x86 bytes), align: 1
  Segment part 29.            Intra module refs:   Init_Ports
           ENTRY                   ADDRESS         REF BY
           =====                   =======         ======
           Init_Port4              48DC 
    -------------------------------------------------------------------------
<CODE> 1 (was CODE)
  Relative segment, address: 46C0 - 4777 (0xb8 bytes), align: 1
  Segment part 28.            Intra module refs:   Init_Ports
           ENTRY                   ADDRESS         REF BY
           =====                   =======         ======
           Init_Port5              46C0 
    -------------------------------------------------------------------------
<CODE> 1 (was CODE)
  Relative segment, address: 482E - 48DB (0xae bytes), align: 1
  Segment part 27.            Intra module refs:   Init_Ports
           ENTRY                   ADDRESS         REF BY
           =====                   =======         ======
           Init_Port6              482E 
    -------------------------------------------------------------------------
<CODE> 1 (was CODE)
  Relative segment, address: 4778 - 482D (0xb6 bytes), align: 1
  Segment part 26.            Intra module refs:   Init_Ports
           ENTRY                   ADDRESS         REF BY
           =====                   =======         ======
           Init_Port7              4778 
    -------------------------------------------------------------------------
<CODE> 1 (was CODE)
  Relative segment, address: 4C88 - 4CB5 (0x2e bytes), align: 1
  Segment part 25.            Intra module refs:   Init_Ports
           ENTRY                   ADDRESS         REF BY
           =====                   =======         ======
           Init_Port8              4C88 
    -------------------------------------------------------------------------
<CODE> 1 (was CODE)
  Relative segment, address: 4962 - 49C9 (0x68 bytes), align: 1
  Segment part 23.            Intra module refs:   Init_Ports
           ENTRY                   ADDRESS         REF BY
           =====                   =======         ======
           Init_PortJ              4962 
    -------------------------------------------------------------------------
<CODE> 1 (was CODE)
  Relative segment, address: 49CA - 49E3 (0x1a bytes), align: 1
  Segment part 24.            Intra module refs:   Init_PortJ
           LOCAL                   ADDRESS         
           =====                   =======         
           ?Subroutine0            49CA 
    -------------------------------------------------------------------------
CSTACK
  Segment part 22. NOT NEEDED.
    -------------------------------------------------------------------------
CODE
  Segment part 34. TENTATIVE. Used definition from clocks
           ENTRY                   ADDRESS         REF BY
           =====                   =======         ======
           ?setjmp_save_r4         
    -------------------------------------------------------------------------
CODE
  Segment part 35. TENTATIVE. Used definition from clocks
           ENTRY                   ADDRESS         REF BY
           =====                   =======         ======
           ?setjmp_save_r5         

    *************************************************************************

  FILE NAME : \\ncsu1.uncanet.unca.edu\home\jchesebr\Desktop\Project 04\Debug\Obj\shapes.r43
  PROGRAM MODULE, NAME : shapes

  SEGMENTS IN THE MODULE
  ======================
DATA16_AN
  Segment part 1. TENTATIVE. Used definition from LCD
           ENTRY                   ADDRESS         REF BY
           =====                   =======         ======
           _A_PBOUT_L              
           LOCAL                   ADDRESS         
           =====                   =======         
           PBOUT                   0222 
           PBOUT_H                 0223 
           PBOUT_L                 0222 
    -------------------------------------------------------------------------
DATA16_Z
  Relative segment, address: 1C48 - 1C48 (0x1 bytes), align: 0
  Segment part 3.
           ENTRY                   ADDRESS         REF BY
           =====                   =======         ======
           Last_Time_Sequence      1C48            main (main)
    -------------------------------------------------------------------------
DATA16_Z
  Relative segment, address: 1C49 - 1C49 (0x1 bytes), align: 0
  Segment part 4.             Intra module refs:   ?Subroutine4
                                                   ?Subroutine7
                                                   run_triangle_case
           ENTRY                   ADDRESS         REF BY
           =====                   =======         ======
           cycle_time              1C49            main (main)
    -------------------------------------------------------------------------
DATA16_Z
  Relative segment, address: 1C4A - 1C4A (0x1 bytes), align: 0
  Segment part 5.             Intra module refs:   run_case
                                                   run_circle_case
                                                   run_triangle_case
                                                   wait_case
           ENTRY                   ADDRESS         REF BY
           =====                   =======         ======
           time_change             1C4A            main (main)
    -------------------------------------------------------------------------
DATA16_Z
  Relative segment, address: 1C4B - 1C4B (0x1 bytes), align: 0
  Segment part 6.             Intra module refs:   ?Subroutine2
           ENTRY                   ADDRESS         REF BY
           =====                   =======         ======
           event                   1C4B            Switches_Process (switch)
                                                   main (main)
    -------------------------------------------------------------------------
DATA16_Z
  Relative segment, address: 1C0A - 1C0B (0x2 bytes), align: 1
  Segment part 7.             Intra module refs:   wait_case
           ENTRY                   ADDRESS         REF BY
           =====                   =======         ======
           delay_start             1C0A 
    -------------------------------------------------------------------------
DATA16_Z
  Relative segment, address: 1C4C - 1C4C (0x1 bytes), align: 0
  Segment part 8.             Intra module refs:   ?Subroutine0
                                                   ?Subroutine12
                                                   ?Subroutine2
                                                   ?Subroutine3
                                                   run_case
                                                   run_circle_case
                                                   run_triangle_case
                                                   wait_case
           ENTRY                   ADDRESS         REF BY
           =====                   =======         ======
           state                   1C4C 
    -------------------------------------------------------------------------
DATA16_Z
  Relative segment, address: 1C0C - 1C0D (0x2 bytes), align: 1
  Segment part 9.             Intra module refs:   ?Subroutine0
                                                   ?Subroutine1
                                                   run_case
                                                   run_circle_case
                                                   run_triangle_case
           ENTRY                   ADDRESS         REF BY
           =====                   =======         ======
           segment_count           1C0C 
    -------------------------------------------------------------------------
DATA16_Z
  Relative segment, address: 1C0E - 1C0F (0x2 bytes), align: 1
  Segment part 10.            Intra module refs:   ?Subroutine10
                                                   ?Subroutine7
                                                   ?Subroutine9
                                                   run_triangle_case
           ENTRY                   ADDRESS         REF BY
           =====                   =======         ======
           right_motor_count       1C0E 
    -------------------------------------------------------------------------
DATA16_Z
  Relative segment, address: 1C10 - 1C11 (0x2 bytes), align: 1
  Segment part 11.            Intra module refs:   ?Subroutine6
                                                   ?Subroutine7
                                                   run_triangle_case
           ENTRY                   ADDRESS         REF BY
           =====                   =======         ======
           left_motor_count        1C10 
    -------------------------------------------------------------------------
<CODE> 1 (was CODE)
  Relative segment, address: 436C, align: 1
  Segment part 12.            Intra module refs:   Run_Circle
                                                   Run_Straight
           ENTRY                   ADDRESS         REF BY
           =====                   =======         ======
           start_case              436C 
    -------------------------------------------------------------------------
<CODE> 1 (was CODE)
  Relative segment, address: 436C - 437F (0x14 bytes), align: 1
  Segment part 13.            Intra module refs:   Run_Triangle
                                                   start_case
           LOCAL                   ADDRESS         
           =====                   =======         
           ?Subroutine0            436C 
    -------------------------------------------------------------------------
<CODE> 1 (was CODE)
  Relative segment, address: 4380 - 43A7 (0x28 bytes), align: 1
  Segment part 14.            Intra module refs:   Run_Circle
                                                   Run_Straight
                                                   Run_Triangle
           ENTRY                   ADDRESS         REF BY
           =====                   =======         ======
           wait_case               4380 
    -------------------------------------------------------------------------
<CODE> 1 (was CODE)
  Relative segment, address: 43A8 - 43D7 (0x30 bytes), align: 1
  Segment part 15.            Intra module refs:   Run_Straight
           ENTRY                   ADDRESS         REF BY
           =====                   =======         ======
           run_case                43A8 
    -------------------------------------------------------------------------
CODE
  Segment part 16. NOT NEEDED.
           ENTRY                   ADDRESS         REF BY
           =====                   =======         ======
           end_case                
    -------------------------------------------------------------------------
<CODE> 1 (was CODE)
  Relative segment, address: 43D8 - 43E9 (0x12 bytes), align: 1
  Segment part 17.            Intra module refs:   Run_Circle
                                                   Run_Straight
                                                   Run_Triangle
           LOCAL                   ADDRESS         
           =====                   =======         
           ?Subroutine2            43D8 
    -------------------------------------------------------------------------
CODE
  Segment part 18. NOT NEEDED.
           ENTRY                   ADDRESS         REF BY
           =====                   =======         ======
           Forward_On              
    -------------------------------------------------------------------------
CODE
  Segment part 19. NOT NEEDED.
           ENTRY                   ADDRESS         REF BY
           =====                   =======         ======
           Forward_Off             
    -------------------------------------------------------------------------
<CODE> 1 (was CODE)
  Relative segment, address: 43EA - 43F7 (0xe bytes), align: 1
  Segment part 20.            Intra module refs:   ?Subroutine2
           LOCAL                   ADDRESS         
           =====                   =======         
           ?Subroutine11           43EA 
    -------------------------------------------------------------------------
CODE
  Segment part 21. NOT NEEDED.
           ENTRY                   ADDRESS         REF BY
           =====                   =======         ======
           Forward_Move            
    -------------------------------------------------------------------------
<CODE> 1 (was CODE)
  Relative segment, address: 43F8 - 4401 (0xa bytes), align: 1
  Segment part 22.            Intra module refs:   run_case
                                                   run_circle_case
           LOCAL                   ADDRESS         
           =====                   =======         
           ?Subroutine1            43F8 
    -------------------------------------------------------------------------
<CODE> 1 (was CODE)
  Relative segment, address: 4402 - 440F (0xe bytes), align: 1
  Segment part 23.            Intra module refs:   ?Subroutine0
                                                   ?Subroutine1
           LOCAL                   ADDRESS         
           =====                   =======         
           ?Subroutine7            4402 
    -------------------------------------------------------------------------
<CODE> 1 (was CODE)
  Relative segment, address: 4410 - 441D (0xe bytes), align: 1
  Segment part 24.            Intra module refs:   ?Subroutine0
                                                   ?Subroutine1
                                                   run_triangle_case
           LOCAL                   ADDRESS         
           =====                   =======         
           ?Subroutine5            4410 
    -------------------------------------------------------------------------
<CODE> 1 (was CODE)
  Relative segment, address: 441E - 443F (0x22 bytes), align: 1
  Segment part 25.
           ENTRY                   ADDRESS         REF BY
           =====                   =======         ======
           Run_Straight            441E            main (main)
               calls direct
    -------------------------------------------------------------------------
<CODE> 1 (was CODE)
  Relative segment, address: 4440 - 4447 (0x8 bytes), align: 1
  Segment part 26.            Intra module refs:   Run_Circle
                                                   Run_Straight
                                                   Run_Triangle
           LOCAL                   ADDRESS         
[...]
           ?reset_vector           FFFE            Segment part 15 (?cstart)

    -------------------------------------------------------------------------
  LIBRARY MODULE, NAME : ?exit

  SEGMENTS IN THE MODULE
  ======================
<CODE> 1 (was CODE)
  Relative segment, address: 4DBA - 4DBD (0x4 bytes), align: 1
  Segment part 2.
           ENTRY                   ADDRESS         REF BY
           =====                   =======         ======
           exit                    4DBA            Segment part 27 (?cstart)
               calls direct
    -------------------------------------------------------------------------
CSTACK
  Segment part 1. NOT NEEDED.

    -------------------------------------------------------------------------
  LIBRARY MODULE, NAME : ?FrwpInit

  SEGMENTS IN THE MODULE
  ======================
FRWP_B1
  Segment part 0. NOT NEEDED.
    -------------------------------------------------------------------------
FRWP_B2
  Segment part 1. NOT NEEDED.
    -------------------------------------------------------------------------
CODE
  Segment part 2. NOT NEEDED.
           ENTRY                   ADDRESS         REF BY
           =====                   =======         ======
           __iar_430_frwp_init     
    -------------------------------------------------------------------------
FRWP_B1
  Segment part 3. NOT NEEDED.
    -------------------------------------------------------------------------
FRWP_B2
  Segment part 4. NOT NEEDED.

    -------------------------------------------------------------------------
  LIBRARY MODULE, NAME : ?malloc

  SEGMENTS IN THE MODULE
  ======================
CODE
  Segment part 2. NOT NEEDED.
           ENTRY                   ADDRESS         REF BY
           =====                   =======         ======
           malloc                  
               calls direct
    -------------------------------------------------------------------------
CSTACK
  Segment part 1. NOT NEEDED.

    -------------------------------------------------------------------------
  LIBRARY MODULE, NAME : ?memcpy

  SEGMENTS IN THE MODULE
  ======================
CODE
  Segment part 2. NOT NEEDED.
           ENTRY                   ADDRESS         REF BY
           =====                   =======         ======
           memcpy                  
    -------------------------------------------------------------------------
CSTACK
  Segment part 1. NOT NEEDED.

    -------------------------------------------------------------------------
  LIBRARY MODULE, NAME : ?memmove

  SEGMENTS IN THE MODULE
  ======================
CODE
  Segment part 2. NOT NEEDED.
           ENTRY                   ADDRESS         REF BY
           =====                   =======         ======
           memmove                 
    -------------------------------------------------------------------------
CSTACK
  Segment part 1. NOT NEEDED.

    -------------------------------------------------------------------------
  LIBRARY MODULE, NAME : ?memzero

  SEGMENTS IN THE MODULE
  ======================
<CODE> 1 (was CODE)
  Relative segment, address: 4D68 - 4D77 (0x10 bytes), align: 1
  Segment part 2.
           ENTRY                   ADDRESS         REF BY
           =====                   =======         ======
           __data16_memzero        4D68            ?cstart_init_zero (?cstart)
    -------------------------------------------------------------------------
CODE
  Segment part 3. NOT NEEDED.
           ENTRY                   ADDRESS         REF BY
           =====                   =======         ======
           __data16_memcpy         
               calls direct
    -------------------------------------------------------------------------
CODE
  Segment part 4. NOT NEEDED.
           ENTRY                   ADDRESS         REF BY
           =====                   =======         ======
           __data16_memmove        
               calls direct
    -------------------------------------------------------------------------
CSTACK
  Segment part 1. NOT NEEDED.

    -------------------------------------------------------------------------
  LIBRARY MODULE, NAME : ?MpuInit

  SEGMENTS IN THE MODULE
  ======================
MPU_B1
  Segment part 0. NOT NEEDED.
    -------------------------------------------------------------------------
MPU_B2
  Segment part 1. NOT NEEDED.
    -------------------------------------------------------------------------
CODE
  Segment part 2. NOT NEEDED.
           ENTRY                   ADDRESS         REF BY
           =====                   =======         ======
           __iar_430_mpu_init      
    -------------------------------------------------------------------------
CODE
  Segment part 3. NOT NEEDED.
           ENTRY                   ADDRESS         REF BY
           =====                   =======         ======
           ?mpu1_4k_init           
    -------------------------------------------------------------------------
CODE
  Segment part 4. NOT NEEDED.
           ENTRY                   ADDRESS         REF BY
           =====                   =======         ======
           ?mpu1_8k_init           
    -------------------------------------------------------------------------
CODE
  Segment part 5. NOT NEEDED.
           ENTRY                   ADDRESS         REF BY
           =====                   =======         ======
           ?mpu1_16k_init          
    -------------------------------------------------------------------------
CODE
  Segment part 6. NOT NEEDED.
           ENTRY                   ADDRESS         REF BY
           =====                   =======         ======
           ?mpu2_init              
    -------------------------------------------------------------------------
MPU_B1
  Segment part 7. NOT NEEDED.
    -------------------------------------------------------------------------
MPU_B2
  Segment part 8. NOT NEEDED.
    -------------------------------------------------------------------------
MPU_B1
  Segment part 9. NOT NEEDED.
    -------------------------------------------------------------------------
MPU_B2
  Segment part 10. NOT NEEDED.
    -------------------------------------------------------------------------
MPU_B1
  Segment part 11. NOT NEEDED.
    -------------------------------------------------------------------------
MPU_B2
  Segment part 12. NOT NEEDED.
    -------------------------------------------------------------------------
MPU_B1
  Segment part 13. NOT NEEDED.
    -------------------------------------------------------------------------
MPU_B2
  Segment part 14. NOT NEEDED.
    -------------------------------------------------------------------------
CODE_PAD
  Segment part 15. NOT NEEDED.

    -------------------------------------------------------------------------
  LIBRARY MODULE, NAME : ?setjmp

  SEGMENTS IN THE MODULE
  ======================
CODE
  Segment part 0. NOT NEEDED.
           ENTRY                   ADDRESS         REF BY
           =====                   =======         ======
           setjmp                  
    -------------------------------------------------------------------------
CODE
  Segment part 1. NOT NEEDED.
           ENTRY                   ADDRESS         REF BY
           =====                   =======         ======
           ?setjmp_r5              
    -------------------------------------------------------------------------
CODE
  Segment part 2. NOT NEEDED.
           ENTRY                   ADDRESS         REF BY
           =====                   =======         ======
           ?setjmp_r4              
    -------------------------------------------------------------------------
CODE
  Segment part 3. NOT NEEDED.
           ENTRY                   ADDRESS         REF BY
           =====                   =======         ======
           ?setjmp_end             

    -------------------------------------------------------------------------
  LIBRARY MODULE, NAME : ?longjmp

  SEGMENTS IN THE MODULE
  ======================
CODE
  Segment part 0. NOT NEEDED.
           ENTRY                   ADDRESS         REF BY
           =====                   =======         ======
           longjmp                 
    -------------------------------------------------------------------------
CODE
  Segment part 1. NOT NEEDED.
           ENTRY                   ADDRESS         REF BY
           =====                   =======         ======
           ?longjmp_r5             
    -------------------------------------------------------------------------
CODE
  Segment part 2. NOT NEEDED.
           ENTRY                   ADDRESS         REF BY
           =====                   =======         ======
           ?longjmp_r4             
    -------------------------------------------------------------------------
CODE
  Segment part 3. NOT NEEDED.
           ENTRY                   ADDRESS         REF BY
           =====                   =======         ======
           ?longjmp_end            

    -------------------------------------------------------------------------
  LIBRARY MODULE, NAME : ?IndCallR11

  SEGMENTS IN THE MODULE
  ======================
CODE
  Segment part 0. NOT NEEDED.
           ENTRY                   ADDRESS         REF BY
           =====                   =======         ======
           ?IndCallR11             

    -------------------------------------------------------------------------
  LIBRARY MODULE, NAME : ?IndCallR15

  SEGMENTS IN THE MODULE
  ======================
CODE
  Segment part 0. NOT NEEDED.
           ENTRY                   ADDRESS         REF BY
           =====                   =======         ======
           ?IndCallR15             

    -------------------------------------------------------------------------
  LIBRARY MODULE, NAME : ?strcpy

  SEGMENTS IN THE MODULE
  ======================
<CODE> 1 (was CODE)
  Relative segment, address: 4D48 - 4D57 (0x10 bytes), align: 1
  Segment part 2.
           ENTRY                   ADDRESS         REF BY
           =====                   =======         ======
           strcpy                  4D48            ?Subroutine0 (switch)
                                                   ?Subroutine1 (switch)
                                                   ?Subroutine2 (switch)
                                                   main (main)
    -------------------------------------------------------------------------
CSTACK
  Segment part 1. NOT NEEDED.

    -------------------------------------------------------------------------
  LIBRARY MODULE, NAME : ?xcloseall

  SEGMENTS IN THE MODULE
  ======================
CODE
  Segment part 2. NOT NEEDED.
           ENTRY                   ADDRESS         REF BY
           =====                   =======         ======
           _Close_all              
               calls direct
    -------------------------------------------------------------------------
CSTACK
  Segment part 1. NOT NEEDED.

    -------------------------------------------------------------------------
  LIBRARY MODULE, NAME : ?xgetmemchunk

  SEGMENTS IN THE MODULE
  ======================
CODE
  Segment part 3. NOT NEEDED.
           ENTRY                   ADDRESS         REF BY
           =====                   =======         ======
           __data16_GetMemChunk    
    -------------------------------------------------------------------------
DATA16_Z
  Segment part 2. NOT NEEDED.
    -------------------------------------------------------------------------
CSTACK
  Segment part 1. NOT NEEDED.
    -------------------------------------------------------------------------
DATA16_HEAP
  Segment part 4. NOT NEEDED.

    -------------------------------------------------------------------------
  LIBRARY MODULE, NAME : ?xxmemxfree

  SEGMENTS IN THE MODULE
  ======================
CODE
  Segment part 2. NOT NEEDED.
           ENTRY                   ADDRESS         REF BY
           =====                   =======         ======
           __data16_free           
    -------------------------------------------------------------------------
CSTACK
  Segment part 1. NOT NEEDED.

    -------------------------------------------------------------------------
  LIBRARY MODULE, NAME : ?xxmemxmalloc

  SEGMENTS IN THE MODULE
  ======================
DATA16_Z
  Segment part 2. NOT NEEDED.
           ENTRY                   ADDRESS         REF BY
           =====                   =======         ======
           __data16_Aldata         
    -------------------------------------------------------------------------
CODE
  Segment part 3. NOT NEEDED.
           LOCAL                   ADDRESS         
           =====                   =======         
           __data16_findmem        
               calls direct
    -------------------------------------------------------------------------
CODE
  Segment part 4. NOT NEEDED.
           ENTRY                   ADDRESS         REF BY
           =====                   =======         ======
           __data16_malloc         
               calls direct
    -------------------------------------------------------------------------
CSTACK
  Segment part 1. NOT NEEDED.




                ****************************************
                *                                      *
                *            MODULE SUMMARY            *
                *                                      *
                ****************************************

Module               CODE      DATA      CONST
------               ----      ----      -----
                    (Rel)  (Rel)  (Abs)  (Rel)
?__dbg_break            2
?__exit                20
?_exit                  4
?cstart                24
?exit                   4
?memzero               16
?reset_vector           2
?strcpy                16
LCD                   728     57     12
  + shared                            6
clocks                 90            16
init                  102
  + shared                            2
main                  316      1      2     33
ports               1 236            34
  + shared                            2
shapes                536     13
switch                162             2     39
system                  6
timersA0              190      7     12
  + common             92
N/A (command line)           160
N/A (alignment)
----------          -----    ---     --     --
Total:              3 454    238     88     72
  + common             92

                ****************************************
                *                                      *
                *             STACK USAGE              *
                *                                      *
                ****************************************

  Call Graph Root Category  Max Use  Total Use
  ------------------------  -------  ---------
  interrupt                      8         14
  Program entry                 28         28


Program entry
  "__program_start": 0x00004048

  Maximum call chain                               28  bytes

    "__program_start"                               0
    "main"                                          4
    "Display_Process"                               4
    "Display_Update"                               12
    "WriteIns"                                      4
    "spi_chipselect_active"                         4

interrupt
  "Timer0_A0_ISR": 0x00004060

  Maximum call chain                                8  bytes

    "Timer0_A0_ISR"                                 8

interrupt
  "TIMER0_A1_ISR": 0x000040a6

  Maximum call chain                                6  bytes

    "TIMER0_A1_ISR"                                 6




                ****************************************
                *                                      *
                *      SEGMENTS IN ADDRESS ORDER       *
                *                                      *
                ****************************************


SEGMENT              SPACE    START ADDRESS   END ADDRESS     SIZE  TYPE  ALIGN
=======              =====    =============   ===========     ====  ====  =====
DATA16_AN                              0102 - 0103               2   rel    0
                                       0130 - 0131               2 
                                       015C - 015D               2 
                                       0160 - 016B               C 
                                       0202 - 0205               4 
                                       020A - 020D               4 
                                       0222 - 0225               4 
                                       022A - 022D               4 
                                       0240 - 0247               8 
                                       024A - 024D               4 
                                       0262 - 0265               4 
                                       026A - 026D               4 
                                       0322 - 0325               4 
                                       032A - 032D               4 
                                       0340 - 0343               4 
                                       0346 - 0347               2 
                                       0352 - 0357               6 
                                       0360 - 0361               2 
                                       036E - 036F               2 
                                       0680 - 0681               2 
                                       0686 - 0687               2 
                                       068C - 068F               4 
                                       06AC - 06AD               2 
DATA16_I                                  1C00                       dse    0
DATA16_Z                               1C00 - 1C4D              4E   rel    1
CODE_I                                    1C4E                       rel    1
DATA20_I                                  1C4E                       rel    1
DATA20_N                                  1C4E                       rel    1
DATA20_Z                                  1C4E                       rel    1
CSTACK                                 2B60 - 2BFF              A0   rel    1
DATA16_C                               4000 - 4047              48   rel    0
CSTART                                 4048 - 405F              18   rel    1
ISR_CODE                               4060 - 40D3              74   rel    1
<CODE> 1                               40D4 - 4DC3             CF0   rel    1
DATA20_ID                                 4DC4                       rel    1
CODE_ID                                   4DC4                       rel    1
DATA20_C                                  4DC4                       rel    1
INTVEC                                 FF90 - FFEB              5C   com    1
RESET                                  FFFE - FFFF               2   rel    1

                ****************************************
                *                                      *
                *        END OF CROSS REFERENCE        *
                *                                      *
                ****************************************

 3 546 bytes of CODE  memory
   238 bytes of DATA  memory (+ 88 absolute )
    72 bytes of CONST memory

Errors: none
Warnings: 1

